// Jest Snapshot v1, https://goo.gl/fbAQLP

exports[`should render component 1`] = `
<span
  className="root red"
  data-component="Badge"
>
  <div>
    Child
  </div>
</span>
`;
