// Jest Snapshot v1, https://goo.gl/fbAQLP

exports[`components/one-time-render-wrapper should not render the component 1`] = `
<div
  className="display-flex"
  data-component="OneTimeRenderWrapper"
/>
`;
